// Jest Snapshot v1, https://goo.gl/fbAQLP

exports[`Components/FbxSafeAndSecure snapshots renders the default correctly 1`] = `<article class="layout-row split vertical-center security-logos"><a href="https://trustsealinfo.verisign.com/splash?form_file=fdf/splash.fdf&amp;dn=fundbox.com&amp;lang=en" target="_blank" class="security-logo security-logo-norton"></a> <a target="_blank" href="http://www.bbb.org/greater-san-francisco/business-reviews/financial-services/fundbox-in-san-francisco-ca-462656#bbbseal" title="Fundbox, Inc. is a BBB Accredited Financial Service in San Francisco, CA" class="security-logo security-logo-bbb"></a> <a href="https://www.mcafeesecure.com/verify?host=www.fundbox.com" target="_blank" class="security-logo security-logo-mcafee"></a></article>`;
