// Jest Snapshot v1, https://goo.gl/fbAQLP

exports[`Components/FbxSafeAndSecure snapshots renders the default correctly 1`] = `<article class="safe-and-secure"><a href="https://trustsealinfo.verisign.com/splash?form_file=fdf/splash.fdf&amp;amp;dn=fundbox.com&amp;amp;lang=en" target="_blank" class="security-logo layout-row vertical-center"><img src="test-file-stub" alt="" class="security-logo-image"></a><a href="http://www.bbb.org/greater-san-francisco/business-reviews/financial-services/fundbox-in-san-francisco-ca-462656#bbbseal" target="_blank" class="security-logo layout-row vertical-center"><img src="[object Object]" alt="" class="security-logo-image"></a><a href="https://www.mcafeesecure.com/verify?host=www.fundbox.com" target="_blank" class="security-logo layout-row vertical-center"><img src="test-file-stub" alt="" class="security-logo-image"></a></article>`;
