// Jest Snapshot v1, https://goo.gl/fbAQLP

exports[`FbxButton snapshots renders inverse correctly 1`] = `<button tabindex="0" type="button" class="fbx-cta-button fbx-button-inverse">Submit</button>`;

exports[`FbxButton snapshots renders loading correctly 1`] = `<button tabindex="0" type="button" disabled="disabled" class="fbx-cta-button loading"><span class="fbx-button-loading"></span></button>`;

exports[`FbxButton snapshots renders the default correctly 1`] = `<button tabindex="0" type="button" class="fbx-cta-button">Submit</button>`;
